******************************************************************************
             TMS320C2000 Linker PC v6.2.3                      
******************************************************************************
>> Linked Fri Jun 26 14:41:47 2015

OUTPUT FILE NAME:   <proj_lab20.out>
ENTRY POINT SYMBOL: "_c_int00"  address: 003f79b7


MEMORY CONFIGURATION

         name            origin    length      used     unused   attr    fill
----------------------  --------  ---------  --------  --------  ----  --------
PAGE 0:
  OTP                   003d7800   00000400  00000000  00000400  RWIX
  CSM_RSVD              003f7f80   00000076  00000000  00000076  RWIX
  BEGIN                 003f7ff6   00000002  00000002  00000000  RWIX
  CSM_PWL_P0            003f7ff8   00000008  00000000  00000008  RWIX
  IQTABLES              003fe000   00000b50  00000000  00000b50  RWIX
  IQTABLES2             003feb50   0000008c  00000000  0000008c  RWIX
  IQTABLES3             003febdc   000000aa  00000000  000000aa  RWIX
  ROM                   003ff27c   00000d44  00000000  00000d44  RWIX
  RESET                 003fffc0   00000002  00000000  00000002  RWIX
  VECTORS               003fffc2   0000003e  00000000  0000003e  RWIX

PAGE 1:
  RAMM0_M1              00000000   00000800  00000642  000001be  RWIX
  P_DRAML0              00008000   00001000  00000921  000006df  RWIX
  FLASHA_D              003f4000   00007f80  00003d11  0000426f  RWIX


SECTION ALLOCATION MAP

 output                                  attributes/
section   page    origin      length       input sections
--------  ----  ----------  ----------   ----------------
.pinit     1    003f4000    00000000     UNINITIALIZED

codestart 
*          0    003f7ff6    00000002     
                  003f7ff6    00000002     CodeStartBranch.obj (codestart)

.reset     0    003fffc0    00000002     DSECT
                  003fffc0    00000002     rts2800_ml.lib : boot.obj (.reset)

vectors    0    003fffc2    00000000     DSECT

.ebss      1    00000000    00000442     UNINITIALIZED
                  00000000    00000348     proj_lab20.obj (.ebss)
                  00000348    00000004     rts2800_ml.lib : _lock.obj (.ebss)
                  0000034c    00000004                    : exit.obj (.ebss)
                  00000350    00000002     drv8301.obj (.ebss)
                  00000352    00000001     cpu.obj (.ebss)
                  00000353    0000002d     --HOLE--
                  00000380    000000c2     hal.obj (.ebss)

.stack     1    00000442    00000200     UNINITIALIZED
                  00000442    00000200     --HOLE--

ramfuncs   1    003f4000    00000921     RUN ADDR = 00008000
                  003f4000    00000519     ctrl.obj (ramfuncs)
                  003f4519    000003b4     proj_lab20.obj (ramfuncs:retain)
                  003f48cd    00000032     flash.obj (ramfuncs)
                  003f48ff    0000001e     hal.obj (ramfuncs)
                  003f491d    00000004     usDelay.obj (ramfuncs)

.text      1    003f4921    0000326a     
                  003f4921    00000ed8     fast_public.lib : ctrl_priv.obj (.text)
                  003f57f9    00000861     hal.obj (.text)
                  003f605a    0000045e     user.obj (.text)
                  003f64b8    00000442     ctrl.obj (.text)
                  003f68fa    000003a9     proj_lab20.obj (.text)
                  003f6ca3    000002f0     pwm.obj (.text)
                  003f6f93    000002b8     drv8301.obj (.text)
                  003f724b    000001f8     adc.obj (.text)
                  003f7443    00000165     gpio.obj (.text)
                  003f75a8    0000012b     clk.obj (.text)
                  003f76d3    0000010e     pie.obj (.text)
                  003f77e1    000000a9     spi.obj (.text)
                  003f788a    0000005b     pll.obj (.text)
                  003f78e5    00000047     pwr.obj (.text)
                  003f792c    00000046     wdog.obj (.text)
                  003f7972    00000045     offset.obj (.text)
                  003f79b7    00000044     rts2800_ml.lib : boot.obj (.text)
                  003f79fb    00000032     timer.obj (.text)
                  003f7a2d    0000002d     osc.obj (.text)
                  003f7a5a    0000002a     rts2800_ml.lib : l_div.obj (.text)
                  003f7a84    00000025     cpu.obj (.text)
                  003f7aa9    00000021     filter_fo.obj (.text)
                  003f7aca    00000020     flash.obj (.text)
                  003f7aea    0000001d     rts2800_ml.lib : fs_tou.obj (.text)
                  003f7b07    00000019                    : args_main.obj (.text)
                  003f7b20    00000019                    : exit.obj (.text)
                  003f7b39    00000010     memCopy.obj (.text)
                  003f7b49    0000000d     pid.obj (.text)
                  003f7b56    00000009     rts2800_ml.lib : _lock.obj (.text)
                  003f7b5f    00000008     CodeStartBranch.obj (.text)
                  003f7b67    00000007     svgen.obj (.text)
                  003f7b6e    00000006     clarke.obj (.text)
                  003f7b74    00000006     ipark.obj (.text)
                  003f7b7a    00000006     park.obj (.text)
                  003f7b80    00000006     traj.obj (.text)
                  003f7b86    00000005     pie.obj (.text:retain)

.cinit     1    003f7b8b    000000fe     
                  003f7b8b    000000e4     proj_lab20.obj (.cinit)
                  003f7c6f    0000000a     rts2800_ml.lib : _lock.obj (.cinit)
                  003f7c79    0000000a                    : exit.obj (.cinit)
                  003f7c83    00000004     drv8301.obj (.cinit)
                  003f7c87    00000002     --HOLE-- [fill = 0]

.econst    1    003f7c8a    00000088     
                  003f7c8a    0000005c     fast_public.lib : ctrl_priv.obj (.econst)
                  003f7ce6    0000001c     ctrl.obj (.econst)
                  003f7d02    00000008     user.obj (.econst)
                  003f7d0a    00000004     hal.obj (.econst)
                  003f7d0e    00000004     proj_lab20.obj (.econst)


GLOBAL DATA SYMBOLS: SORTED BY DATA PAGE

address     data page           name
--------    ----------------    ----
00000000       0 (00000000)     _gCounter_updateGlobals
00000001       0 (00000000)     _Flag_Latch_softwareUpdate
00000002       0 (00000000)     _gLEDcnt
00000003       0 (00000000)     _logcnt
00000004       0 (00000000)     _gMaxCurrentSlope
00000006       0 (00000000)     _halHandle
00000008       0 (00000000)     _svgenHandle
0000000a       0 (00000000)     _svgen
0000000c       0 (00000000)     _parkHandle
0000000e       0 (00000000)     _gTorque_Ls_Id_Iq_pu_to_Nm_sf
00000010       0 (00000000)     _gTorque_Flux_Iq_pu_to_Nm_sf
00000012       0 (00000000)     _gFlux_pu_to_VpHz_sf
00000014       0 (00000000)     _gFlux_pu_to_Wb_sf
00000016       0 (00000000)     _iparkHandle
00000018       0 (00000000)     _estHandle
0000001a       0 (00000000)     _clarkeHandle_I
0000001c       0 (00000000)     _clarkeHandle_V
0000001e       0 (00000000)     _ctrlHandle
00000020       0 (00000000)     _ipark
00000024       0 (00000000)     _park
00000028       0 (00000000)     _clarke_I
0000002e       0 (00000000)     _clarke_V
00000034       0 (00000000)     _gAdcBiasI
0000003a       0 (00000000)     _gAdcBiasV

00000040       1 (00000040)     _gPwmData
00000046       1 (00000040)     _smo1_const
00000054       1 (00000040)     _gAdcData
00000062       1 (00000040)     _pi_smo

00000080       2 (00000080)     _gDrvSpi8301Vars

000000c0       3 (000000c0)     _esmo1

00000100       4 (00000100)     _gMotorVars

00000180       6 (00000180)     _gUserParams

00000240       9 (00000240)     _ctrl

00000348       d (00000340)     __unlock
0000034a       d (00000340)     __lock
0000034c       d (00000340)     ___TI_cleanup_ptr
0000034e       d (00000340)     ___TI_dtors_ptr
00000352       d (00000340)     _cpu

00000380       e (00000380)     _hal

00000442      11 (00000440)     __stack


GLOBAL SYMBOLS: SORTED ALPHABETICALLY BY Name 

address    name
--------   ----
003f4921   .text
003f7b20   C$$EXIT
003fdc5e   FD$$MPY
003fdf7b   FD$$TOL
003fdeb8   FS$$ADD
003fdf2b   FS$$CMP
003fdce1   FS$$DIV
003fdde7   FS$$MPY
003fff4d   FS$$NEG
003fdeb3   FS$$SUB
003fdfb7   FS$$TOFD
003fff0e   FS$$TOI
003f7aea   FS$$TOU
003fff33   I$$TOFS
003f7a5a   L$$DIV
003f7a69   L$$MOD
003ff8bd   U$$TOFS
003f7a77   UL$$DIV
003f7a7e   UL$$MOD
003ff8aa   UL$$TOFS
003f7438   _ADC_disable
003f742d   _ADC_disableBandGap
003f7412   _ADC_disableInt
003f7407   _ADC_disableNoOverlapMode
003f73fc   _ADC_disableRefBuffers
003f73f1   _ADC_disableVoltRefLoConv
003f73e6   _ADC_enable
003f73db   _ADC_enableBandGap
003f73c4   _ADC_enableInt
003f73b9   _ADC_enableNoOverlapMode
003f73ae   _ADC_enableRefBuffers
003f73a3   _ADC_enableVoltRefLoConv
003f739e   _ADC_getDivideSelect
003f7397   _ADC_init
003f738c   _ADC_powerDown
003f7381   _ADC_powerUp
003f7376   _ADC_reset
003f7364   _ADC_setDivideSelect
003f7347   _ADC_setIntMode
003f7335   _ADC_setIntPulseGenMode
003f7318   _ADC_setIntSrc
003f7311   _ADC_setOffTrim
003f72f9   _ADC_setSampleMode
003f72e4   _ADC_setSampleOverlapMode
003f72d1   _ADC_setSocChanNumber
003f72c7   _ADC_setSocFrc
003f72c0   _ADC_setSocFrcWord
003f72ad   _ADC_setSocSampleDelay
003f729a   _ADC_setSocTrigSrc
003f7288   _ADC_setTempSensorSrc
003f7276   _ADC_setVoltRefSrc
003f724b   _ADC_setupSocTrigSrc
003f7b6e   _CLARKE_init
003f76cc   _CLK_disableAdcClock
003f76c6   _CLK_disableClkIn
003f76c2   _CLK_disableCompClock
003f76bb   _CLK_disableCpuTimerClock
003f76b5   _CLK_disableCrystalOsc
003f76ae   _CLK_disableEcap1Clock
003f76a7   _CLK_disableGpioInputClock
003f76a0   _CLK_disableHrPwmClock
003f7699   _CLK_disableI2cClock
003f7693   _CLK_disableOsc1
003f768d   _CLK_disableOsc1HaltMode
003f7687   _CLK_disableOsc2
003f7681   _CLK_disableOsc2HaltMode
003f7677   _CLK_disablePwmClock
003f7670   _CLK_disableSciaClock
003f7669   _CLK_disableSpiaClock
003f7662   _CLK_disableTbClockSync
003f765c   _CLK_disableWatchDogHaltMode
003f7655   _CLK_enableAdcClock
003f764f   _CLK_enableClkIn
003f7649   _CLK_enableCompClock
003f7643   _CLK_enableCpuTimerClock
003f763d   _CLK_enableCrystalOsc
003f7636   _CLK_enableEcap1Clock
003f762f   _CLK_enableGpioInputClock
003f7628   _CLK_enableHrPwmClock
003f7621   _CLK_enableI2cClock
003f761b   _CLK_enableOsc1
003f7615   _CLK_enableOsc1HaltMode
003f760f   _CLK_enableOsc2
003f7609   _CLK_enableOsc2HaltMode
003f7600   _CLK_enablePwmClock
003f75f9   _CLK_enableSciaClock
003f75f2   _CLK_enableSpiaClock
003f75eb   _CLK_enableTbClockSync
003f75e5   _CLK_enableWatchDogHaltMode
003f75df   _CLK_init
003f75d8   _CLK_setClkOutPreScaler
003f75d2   _CLK_setLowSpdPreScaler
003f75cb   _CLK_setOsc2Src
003f75c4   _CLK_setOscSrc
003f75bd   _CLK_setTimer2PreScale
003f75b6   _CLK_setTimer2Src
003f75af   _CLK_setWatchDogSrc
003f75a8   _CLK_setXClkInSrc
003f7aa6   _CPU_clearIntFlags
003f7aa3   _CPU_disableDebugInt
003f7aa0   _CPU_disableGlobalInts
003f7a9b   _CPU_disableInt
003f7a98   _CPU_disableInts
003f7a95   _CPU_disableProtectedRegisterWrite
003f7a92   _CPU_enableDebugInt
003f7a8f   _CPU_enableGlobalInts
003f7a8b   _CPU_enableInt
003f7a88   _CPU_enableProtectedRegisterWrite
003f7a84   _CPU_init
003f68be   _CTRL_getGains
003f68b6   _CTRL_getIab_filt_pu
003f68ae   _CTRL_getIab_in_pu
003f68a6   _CTRL_getIdq_in_pu
003f689e   _CTRL_getIdq_ref_pu
003f68f7   _CTRL_getMagCurrent_pu
003f68f4   _CTRL_getMaximumSpeed_pu
003f6896   _CTRL_getVab_in_pu
003f688e   _CTRL_getVab_out_pu
003f6886   _CTRL_getVdq_out_pu
003f57ef   _CTRL_getVersion
003f687d   _CTRL_getWaitTimes
003fd88b   _CTRL_initCtrl
0000800a   _CTRL_run
003f56fe   _CTRL_runTraj
003f4f94   _CTRL_setEstParams
003f6618   _CTRL_setGains
003f68ee   _CTRL_setMagCurrent_pu
003f68f1   _CTRL_setMaximumSpeed_pu
003f6640   _CTRL_setParams
003f6605   _CTRL_setSpd_ref_krpm
003f6602   _CTRL_setSpd_ref_pu
003f4e61   _CTRL_setUserMotorParams
003f65f9   _CTRL_setWaitTimes
00008000   _CTRL_setup
003f65dd   _CTRL_setupClarke_I
003f65c7   _CTRL_setupClarke_V
003f4c6a   _CTRL_setupCtrl
003f4acc   _CTRL_setupEstIdleState
003f4a91   _CTRL_setupEstOnLineState
003f4921   _CTRL_setupTraj
003f656a   _CTRL_setup_user
003f64b8   _CTRL_updateState
003f7229   _DRV8301_enable
003f7217   _DRV8301_getDcCalMode
003f71fc   _DRV8301_getFaultType
003f71f6   _DRV8301_getId
003f71ef   _DRV8301_getOcLevel
003f71e8   _DRV8301_getOcMode
003f71e1   _DRV8301_getOcOffTimeMode
003f71da   _DRV8301_getOcTwMode
003f71d3   _DRV8301_getPeakCurrent
003f71cc   _DRV8301_getPwmMode
003f71c5   _DRV8301_getShuntAmpGain
003f71bc   _DRV8301_init
003f71b6   _DRV8301_isFault
003f71af   _DRV8301_isReset
003f7144   _DRV8301_readData
003f6fd2   _DRV8301_readSpi
003f7135   _DRV8301_reset
003f7116   _DRV8301_setDcCalMode
003f7114   _DRV8301_setGpioHandle
003f7112   _DRV8301_setGpioNumber
003f70fe   _DRV8301_setOcLevel
003f70ea   _DRV8301_setOcMode
003f70d6   _DRV8301_setOcOffTimeMode
003f70c2   _DRV8301_setOcTwMode
003f70ae   _DRV8301_setPeakCurrent
003f709a   _DRV8301_setPwmMode
003f7086   _DRV8301_setShuntAmpGain
003f7084   _DRV8301_setSpiHandle
003f7008   _DRV8301_setupSpi
003f6fa9   _DRV8301_writeData
003f6f93   _DRV8301_writeSpi
003fd9e5   _EST_Angle_setParams
003fd922   _EST_Dir_setParams
003fd1e8   _EST_EPL_setParams
003fd9b0   _EST_Flux_ab_setParams
003fd514   _EST_Flux_computeOneOverFlux_qFmt
003fda3b   _EST_Flux_dq_setParams
003fd49c   _EST_Flux_getRatedFlux_pu
003fd42e   _EST_Flux_setParams
003fd41e   _EST_Flux_setWaitTimes
003fd95c   _EST_Freq_setParams
003fd1be   _EST_I_setParams
003fd9cc   _EST_Iab_setParams
003fda1e   _EST_Idq_setParams
003fd3a8   _EST_Ls_getLs_d
003fd2b6   _EST_Ls_setLs_d
003fd284   _EST_Ls_setLs_q
003fd247   _EST_Ls_setParams
003fd237   _EST_Ls_setWaitTimes
003fda0d   _EST_OneOverDcBus_setParams
003fd7e9   _EST_Rr_setParams
003fd788   _EST_Rr_setRr
003fd57d   _EST_RsOnLine_setFilterParams
003fd54d   _EST_RsOnLine_setParams
003fd767   _EST_Rs_getRs
003fd725   _EST_Rs_setParams
003fd6c3   _EST_Rs_setRs
003fd6b3   _EST_Rs_setWaitTimes
003fd1af   _EST_TRAJ_setParams
003fda53   _EST_Vab_setParams
003fda47   _EST_Vback_ab_setParams
003fda5e   _EST_Vback_dq_setParams
003fd9fb   _EST_Vdq_setParams
003fc092   _EST_computeDirection_qFmt
003fd16d   _EST_computeL
003fd14d   _EST_computeR
003fd145   _EST_doCurrentCtrl
003fd13d   _EST_doSpeedCtrl
003fc5f2   _EST_getAngle_pu
003fd0a3   _EST_getFlux_VpHz
003fd090   _EST_getFlux_pu
003fd073   _EST_getFm_pu
003fc062   _EST_getFullScaleCurrent
003fd043   _EST_getFullScaleFlux
003fcc5c   _EST_getFullScaleFreq
003fc4d1   _EST_getFullScaleInductance
003fc08e   _EST_getFullScaleVoltage
003fd017   _EST_getIdRated
003fcfe4   _EST_getLs_coarse_max_pu
003fcfda   _EST_getLs_d_H
003fcfd5   _EST_getLs_d_pu
003fcfb3   _EST_getLs_q_H
003fcfae   _EST_getLs_q_pu
003fcfa2   _EST_getMaxCurrentSlope_pu
003fcf98   _EST_getOneOverDcBus_pu
003fcf92   _EST_getRr_Ohm
003fcef8   _EST_getRs_Ohm
003fceab   _EST_getSpeed_krpm
003fc000   _EST_getState
003fce3d   _EST_get_krpm_to_pu_sf
003fce38   _EST_get_pu_to_krpm_sf
003fcd72   _EST_isError
003fcd6b   _EST_isIdle
003fcd64   _EST_isLockRotor
003fc05e   _EST_isMotorIdentified
003fcd5d   _EST_isOnLine
003fc5ed   _EST_resetCounter_ctrl
003fc05a   _EST_resetCounter_state
003fcc60   _EST_run
003fc5c5   _EST_setFlag_enableFluxControl
003fc5c0   _EST_setFlag_enableForceAngle
003fc5bc   _EST_setFlag_enableRsOnLine
003fc5b8   _EST_setFlag_enableRsRecalc
003fc5b4   _EST_setFlag_estComplete
003fc5b0   _EST_setFlag_updateRs
003fc594   _EST_setFullScaleCurrent
003fc58b   _EST_setFullScaleFreq
003fc573   _EST_setFullScaleResistance
003fc56f   _EST_setFullScaleVoltage
003fc569   _EST_setIdRated_pu
003fc565   _EST_setId_ref_pu
003fc55f   _EST_setIdle
003fc54c   _EST_setIdle_all
003fc548   _EST_setIq_ref_pu
003fc52a   _EST_setLs_d_pu
003fc4d6   _EST_setLs_qFmt
003fc4cc   _EST_setLs_q_pu
003fc4c0   _EST_setMaxCurrentSlope_pu
003fc4bb   _EST_setMotorParams
003fc3fd   _EST_setRs_pu
003fc3e2   _EST_setWaitTimes
003fc3da   _EST_updateId_ref_pu
003fc0f8   _EST_updateState
003fc002   _EST_useZeroIq_ref
003f7ac7   _FILTER_FO_getDenCoeffs
003f7ac0   _FILTER_FO_getInitialConditions
003f7aba   _FILTER_FO_getNumCoeffs
003f7ab4   _FILTER_FO_init
003f7ab2   _FILTER_FO_setDenCoeffs
003f7aad   _FILTER_FO_setInitialConditions
003f7aa9   _FILTER_FO_setNumCoeffs
003f7ae4   _FLASH_clear3VStatus
000088f9   _FLASH_disablePipelineMode
000088f3   _FLASH_enablePipelineMode
003f7ae1   _FLASH_get3VStatus
003f7ade   _FLASH_getActiveWaitCount
003f7ada   _FLASH_getActiveWaitStatus
003f7ad7   _FLASH_getPowerMode
003f7ad4   _FLASH_getStandbyWaitCount
003f7ad0   _FLASH_getStandbyWaitStatus
003f7aca   _FLASH_init
000088ee   _FLASH_setActiveWaitCount
000088e7   _FLASH_setNumPagedReadWaitStates
000088e0   _FLASH_setNumRandomReadWaitStates
000088d9   _FLASH_setOtpWaitStates
000088d2   _FLASH_setPowerMode
000088cd   _FLASH_setStandbyWaitCount
00000001   _Flag_Latch_softwareUpdate
003f7598   _GPIO_getData
003f7591   _GPIO_getPortData
003f758b   _GPIO_init
003f7581   _GPIO_lpmSelect
003f755d   _GPIO_read
003f7542   _GPIO_setDirection
003f7537   _GPIO_setExtInt
003f7524   _GPIO_setHigh
003f7511   _GPIO_setLow
003f74e0   _GPIO_setMode
003f74d5   _GPIO_setPortData
003f74ba   _GPIO_setPullUp
003f7481   _GPIO_setQualification
003f7456   _GPIO_setQualificationPeriod
003f7443   _GPIO_toggle
003f5b95   _HAL_AdcCalChanSelect
003f5bec   _HAL_AdcCalConversion
003f5d43   _HAL_AdcOffsetSelfCal
003f5e04   _HAL_OscTempComp
003f5e57   _HAL_cal
003f6056   _HAL_disableGlobalInts
003f5f6f   _HAL_disableWdog
003f6044   _HAL_enableAdcInts
003f6040   _HAL_enableDebugInt
003f603b   _HAL_enableDrv
003f6037   _HAL_enableGlobalInts
003f6026   _HAL_enablePwmInt
003f5d72   _HAL_getOscTrimValue
003f5f74   _HAL_init
003f5d86   _HAL_osc1Comp
003f5dc5   _HAL_osc2Comp
003f5f6a   _HAL_readDrvData
003f5e6e   _HAL_setParams
003f5ae3   _HAL_setupAdcs
003f5ac7   _HAL_setupClks
003f5ac2   _HAL_setupDrvSpi
003f5aa7   _HAL_setupFaults
000088ff   _HAL_setupFlash
003f5a92   _HAL_setupGate
003f59f3   _HAL_setupGpios
003f59cd   _HAL_setupLaunchPadGpio0and1
003f5998   _HAL_setupPeripheralClks
003f597c   _HAL_setupPie
003f593e   _HAL_setupPll
003f5872   _HAL_setupPwms
003f583c   _HAL_setupSpiA
003f57fe   _HAL_setupTimers
003f57f9   _HAL_writeDrvData
003f7b74   _IPARK_init
003f79aa   _OFFSET_getBeta
003f7999   _OFFSET_init
003f7983   _OFFSET_setBeta
003f7974   _OFFSET_setInitCond
003f7972   _OFFSET_setOffset
003f7a54   _OSC_init
003f7a47   _OSC_setCoarseTrim
003f7a36   _OSC_setFineTrim
003f7a2d   _OSC_setTrim
003f7b7a   _PARK_init
003f7b49   _PID_init
003f77d7   _PIE_clearAllFlags
003f77d4   _PIE_clearAllInts
003f77d1   _PIE_disable
003f77c7   _PIE_disableAllInts
003f77c3   _PIE_disableCaptureInt
003f77b6   _PIE_disableExtInt
003f77ab   _PIE_disableInt
003f77a8   _PIE_enable
003f778c   _PIE_enableAdcInt
003f7788   _PIE_enableCaptureInt
003f7765   _PIE_enableExtInt
003f775b   _PIE_enableInt
003f7756   _PIE_enablePwmInt
003f7751   _PIE_enablePwmTzInt
003f774e   _PIE_enableTimer0Int
003f7744   _PIE_forceInt
003f773c   _PIE_getExtIntCount
003f7735   _PIE_getIntEnables
003f772e   _PIE_getIntFlags
003f7b86   _PIE_illegalIsr
003f7727   _PIE_init
003f7718   _PIE_registerPieIntHandler
003f770d   _PIE_registerSystemIntHandler
003f7701   _PIE_setDefaultIntVectorTable
003f76f1   _PIE_setExtIntPolarity
003f76e0   _PIE_unregisterPieIntHandler
003f76d3   _PIE_unregisterSystemIntHandler
003f78df   _PLL_disable
003f78d9   _PLL_disableClkDetect
003f78d3   _PLL_disableNormRdy
003f78cd   _PLL_disableOsc
003f78c7   _PLL_enable
003f78c1   _PLL_enableClkDetect
003f78bb   _PLL_enableNormRdy
003f78b5   _PLL_enableOsc
003f78b1   _PLL_getClkFreq
003f78ae   _PLL_getClkStatus
003f78ab   _PLL_getDivideSelect
003f78a8   _PLL_getLockStatus
003f78a2   _PLL_init
003f789c   _PLL_resetClkDetect
003f7896   _PLL_setClkFreq
003f788f   _PLL_setDivideSelect
003f788a   _PLL_setLockPeriod
003f6f8d   _PWM_clearTripZone
003f6f8a   _PWM_decrementDeadBandFallingEdgeDelay
003f6f87   _PWM_decrementDeadBandRisingEdgeDelay
003f6f80   _PWM_disableAutoConvert
003f6f7c   _PWM_disableChopping
003f6f79   _PWM_disableCounterLoad
003f6f76   _PWM_disableDeadBand
003f6f72   _PWM_disableDeadBandHalfCycle
003f6f6b   _PWM_disableDigitalCompareBlankingWindow
003f6f64   _PWM_disableDigitalCompareBlankingWindowInversion
003f6f5d   _PWM_disableHrPeriod
003f6f56   _PWM_disableHrPhaseSync
003f6f52   _PWM_disableInt
003f6f4e   _PWM_disableSocAPulse
003f6f4a   _PWM_disableSocBPulse
003f6f43   _PWM_disableTripZoneInt
003f6f3c   _PWM_disableTripZoneSrc
003f6f36   _PWM_disableTripZones
003f6f2f   _PWM_enableAutoConvert
003f6f2b   _PWM_enableChopping
003f6f28   _PWM_enableCounterLoad
003f6f24   _PWM_enableDeadBandHalfCycle
003f6f1d   _PWM_enableDigitalCompareBlankingWindow
003f6f16   _PWM_enableDigitalCompareBlankingWindowInversion
003f6f0f   _PWM_enableHrPeriod
003f6f08   _PWM_enableHrPhaseSync
003f6f04   _PWM_enableInt
003f6f00   _PWM_enableSocAPulse
003f6efc   _PWM_enableSocBPulse
003f6ef6   _PWM_enableTripZoneInt
003f6ef0   _PWM_enableTripZoneSrc
003f6eed   _PWM_getDeadBandFallingEdgeDelay
003f6eea   _PWM_getDeadBandRisingEdgeDelay
003f6ee6   _PWM_getIntCount
003f6ee2   _PWM_getShadowStatus_CmpA
003f6ede   _PWM_getShadowStatus_CmpB
003f6ed9   _PWM_getSocACount
003f6ed4   _PWM_getSocBCount
003f6ed1   _PWM_incrementDeadBandFallingEdgeDelay
003f6ece   _PWM_incrementDeadBandRisingEdgeDelay
003f6ec8   _PWM_init
003f6ec1   _PWM_setActionQualContSWForce_PwmA
003f6eb8   _PWM_setActionQualContSWForce_PwmB
003f6eaf   _PWM_setActionQual_CntDown_CmpA_PwmA
003f6ea6   _PWM_setActionQual_CntDown_CmpA_PwmB
003f6e9d   _PWM_setActionQual_CntDown_CmpB_PwmA
003f6e94   _PWM_setActionQual_CntDown_CmpB_PwmB
003f6e8b   _PWM_setActionQual_CntUp_CmpA_PwmA
003f6e82   _PWM_setActionQual_CntUp_CmpA_PwmB
003f6e79   _PWM_setActionQual_CntUp_CmpB_PwmA
003f6e70   _PWM_setActionQual_CntUp_CmpB_PwmB
003f6e67   _PWM_setActionQual_Period_PwmA
003f6e5e   _PWM_setActionQual_Period_PwmB
003f6e57   _PWM_setActionQual_Zero_PwmA
003f6e50   _PWM_setActionQual_Zero_PwmB
003f6e49   _PWM_setChoppingClkFreq
003f6e42   _PWM_setChoppingDutyCycle
003f6e3b   _PWM_setChoppingPulseWidth
003f6e37   _PWM_setClkDiv
003f6e35   _PWM_setCount
003f6e31   _PWM_setCounterMode
003f6e2e   _PWM_setDeadBandFallingEdgeDelay
003f6e27   _PWM_setDeadBandInputMode
003f6e20   _PWM_setDeadBandOutputMode
003f6e19   _PWM_setDeadBandPolarity
003f6e16   _PWM_setDeadBandRisingEdgeDelay
003f6dff   _PWM_setDigitalCompareAEvent1
003f6def   _PWM_setDigitalCompareAEvent2
003f6dd8   _PWM_setDigitalCompareBEvent1
003f6dc8   _PWM_setDigitalCompareBEvent2
003f6dbc   _PWM_setDigitalCompareBlankingPulse
003f6db9   _PWM_setDigitalCompareFilterOffset
003f6daf   _PWM_setDigitalCompareFilterSource
003f6dac   _PWM_setDigitalCompareFilterWindow
003f6d9d   _PWM_setDigitalCompareInput
003f6d99   _PWM_setHighSpeedClkDiv
003f6d8f   _PWM_setHrControlMode
003f6d85   _PWM_setHrEdgeMode
003f6d7b   _PWM_setHrShadowMode
003f6d74   _PWM_setIntMode
003f6d6d   _PWM_setIntPeriod
003f6d69   _PWM_setLoadMode_CmpA
003f6d63   _PWM_setLoadMode_CmpB
003f6d61   _PWM_setPeriod
003f6d5c   _PWM_setPeriodHr
003f6d58   _PWM_setPeriodLoad
003f6d56   _PWM_setPhase
003f6d52   _PWM_setPhaseDir
003f6d4e   _PWM_setRunMode
003f6d48   _PWM_setShadowMode_CmpA
003f6d42   _PWM_setShadowMode_CmpB
003f6d39   _PWM_setSocAPeriod
003f6d30   _PWM_setSocAPulseSrc
003f6d27   _PWM_setSocBPeriod
003f6d1e   _PWM_setSocBPulseSrc
003f6d1b   _PWM_setSwSync
003f6d17   _PWM_setSyncMode
003f6d0d   _PWM_setTripZoneDCEventSelect_DCAEVT1
003f6d01   _PWM_setTripZoneDCEventSelect_DCAEVT2
003f6cf5   _PWM_setTripZoneDCEventSelect_DCBEVT1
003f6ce9   _PWM_setTripZoneDCEventSelect_DCBEVT2
003f6cdd   _PWM_setTripZoneState_DCAEVT1
003f6cd1   _PWM_setTripZoneState_DCAEVT2
003f6cc5   _PWM_setTripZoneState_DCBEVT1
003f6cb9   _PWM_setTripZoneState_DCBEVT2
003f6caf   _PWM_setTripZoneState_TZA
003f6ca3   _PWM_setTripZoneState_TZB
003f7929   _PWR_disableBrownOutReset
003f791e   _PWR_disableWatchDogInt
003f791b   _PWR_enableBrownOutReset
003f7910   _PWR_enableWatchDogInt
003f7909   _PWR_init
003f78f7   _PWR_setLowPowerMode
003f78e5   _PWR_setNumStandByClocks
003f4921   _RamfuncsLoadEnd
003f4000   _RamfuncsLoadStart
00008000   _RamfuncsRunStart
003f7886   _SPI_clearRxFifoInt
003f7882   _SPI_clearRxFifoOvf
003f787e   _SPI_clearTxFifoInt
003f787b   _SPI_disableInt
003f7878   _SPI_disableLoopBack
003f7875   _SPI_disableOverRunInt
003f7871   _SPI_disableRxFifoInt
003f786e   _SPI_disableTx
003f786a   _SPI_disableTxFifoEnh
003f7866   _SPI_disableTxFifoInt
003f7863   _SPI_enable
003f785f   _SPI_enableChannels
003f785c   _SPI_enableInt
003f7859   _SPI_enableLoopBack
003f7856   _SPI_enableOverRunInt
003f7852   _SPI_enableRxFifo
003f784e   _SPI_enableRxFifoInt
003f784b   _SPI_enableTx
003f7847   _SPI_enableTxFifo
003f7843   _SPI_enableTxFifoEnh
003f783f   _SPI_enableTxFifoInt
003f783c   _SPI_getIntFlagStatus
003f7838   _SPI_getRxFifoStatus
003f7835   _SPI_getTxBufferStatus
003f7831   _SPI_getTxFifoStatus
003f782b   _SPI_init
003f7828   _SPI_reset
003f7824   _SPI_resetChannels
003f7820   _SPI_resetRxFifo
003f781c   _SPI_resetTxFifo
003f781a   _SPI_setBaudRate
003f7816   _SPI_setCharLength
003f7814   _SPI_setClkPhase
003f7810   _SPI_setClkPolarity
003f780e   _SPI_setMode
003f7807   _SPI_setPriority
003f7800   _SPI_setRxFifoIntLevel
003f77f9   _SPI_setSteInv
003f77f2   _SPI_setSuspend
003f77eb   _SPI_setTriWire
003f77e8   _SPI_setTxDelay
003f77e1   _SPI_setTxFifoIntLevel
003f7b68   _SVGEN_init
003f7b67   _SVGEN_setup
003f7a2a   _TIMER_clearFlag
003f7a27   _TIMER_disableInt
003f7a24   _TIMER_enableInt
003f7a21   _TIMER_getStatus
003f7a1b   _TIMER_init
003f7a0d   _TIMER_setDecimationFactor
003f7a09   _TIMER_setEmulationMode
003f79fb   _TIMER_setPreScaler
003f7b80   _TRAJ_init
003f6407   _USER_calcPIgains
003f6403   _USER_checkForErrors
003f63f5   _USER_computeFlux
003f63aa   _USER_computeFlux_pu_to_VpHz_sf
003f635f   _USER_computeFlux_pu_to_Wb_sf
003f6314   _USER_computeTorque_Flux_Iq_pu_to_Nm_sf
003f62cb   _USER_computeTorque_Ls_Id_Iq_pu_to_Nm_sf
003f627f   _USER_computeTorque_Nm
003f6228   _USER_computeTorque_lbin
003f6225   _USER_getErrorCode
003f6222   _USER_setErrorCode
003f60e8   _USER_setParams
003f605a   _USER_softwareUpdate1p6
003f796a   _WDOG_clearCounter
003f7962   _WDOG_disable
003f795c   _WDOG_disableInt
003f7956   _WDOG_disableOverRide
003f794d   _WDOG_enable
003f7947   _WDOG_enableInt
003f7941   _WDOG_enableOverRide
003f793e   _WDOG_getIntStatus
003f7938   _WDOG_init
003f7936   _WDOG_setCount
003f792c   _WDOG_setPreScaler
003ff854   __IQ24cosPU
003ff083   __IQ24div
003fff8f   __IQ24rmpy
003ff82b   __IQ24sinPU
003ff2aa   __IQ24sqrt
003ff87b   __IQ29rsmpy
003fff52   __IQ30rsmpy
003fff7b   __IQ30toF
00000642   __STACK_END
00000200   __STACK_SIZE
00000001   __TI_args_main
0000034c   ___TI_cleanup_ptr
0000034e   ___TI_dtors_ptr
ffffffff   ___binit__
ffffffff   ___c_args__
003f7b8b   ___cinit__
003f7b8b   ___etext__
ffffffff   ___pinit__
003f4921   ___text__
003f7b07   __args_main
0000034a   __lock
003f7b5e   __nop
003f7b5a   __register_lock
003f7b56   __register_unlock
00000442   __stack
00000348   __unlock
003f7b20   _abort
003f79b7   _c_int00
0000001a   _clarkeHandle_I
0000001c   _clarkeHandle_V
00000028   _clarke_I
0000002e   _clarke_V
00000352   _cpu
00000240   _ctrl
0000001e   _ctrlHandle
000000c0   _esmo1
00000018   _estHandle
003f7b22   _exit
003fdb33   _exp
00000034   _gAdcBiasI
0000003a   _gAdcBiasV
00000054   _gAdcData
00000000   _gCounter_updateGlobals
00000080   _gDrvSpi8301Vars
00000012   _gFlux_pu_to_VpHz_sf
00000014   _gFlux_pu_to_Wb_sf
00000002   _gLEDcnt
00000004   _gMaxCurrentSlope
00000100   _gMotorVars
00000040   _gPwmData
00000010   _gTorque_Flux_Iq_pu_to_Nm_sf
0000000e   _gTorque_Ls_Id_Iq_pu_to_Nm_sf
00000180   _gUserParams
00000380   _hal
00000006   _halHandle
00000020   _ipark
00000016   _iparkHandle
003fda88   _log
00000003   _logcnt
003f69ba   _main
00008519   _mainISR
003f7b39   _memCopy
003fde82   _modf
00000024   _park
0000000c   _parkHandle
00000062   _pi_smo
003fdd64   _pow
003f69a1   _setupClarke_I
003f698e   _setupClarke_V
00000046   _smo1_const
0000000a   _svgen
00000008   _svgenHandle
003f691b   _updateGlobalVariables_motor
003f68fa   _updateKpKiGains
0000891d   _usDelay
ffffffff   binit
003f7b8b   cinit
003f7ff6   code_start
003f7b8b   etext
ffffffff   pinit


GLOBAL SYMBOLS: SORTED BY Symbol Address 

address    name
--------   ----
00000000   _gCounter_updateGlobals
00000001   _Flag_Latch_softwareUpdate
00000001   __TI_args_main
00000002   _gLEDcnt
00000003   _logcnt
00000004   _gMaxCurrentSlope
00000006   _halHandle
00000008   _svgenHandle
0000000a   _svgen
0000000c   _parkHandle
0000000e   _gTorque_Ls_Id_Iq_pu_to_Nm_sf
00000010   _gTorque_Flux_Iq_pu_to_Nm_sf
00000012   _gFlux_pu_to_VpHz_sf
00000014   _gFlux_pu_to_Wb_sf
00000016   _iparkHandle
00000018   _estHandle
0000001a   _clarkeHandle_I
0000001c   _clarkeHandle_V
0000001e   _ctrlHandle
00000020   _ipark
00000024   _park
00000028   _clarke_I
0000002e   _clarke_V
00000034   _gAdcBiasI
0000003a   _gAdcBiasV
00000040   _gPwmData
00000046   _smo1_const
00000054   _gAdcData
00000062   _pi_smo
00000080   _gDrvSpi8301Vars
000000c0   _esmo1
00000100   _gMotorVars
00000180   _gUserParams
00000200   __STACK_SIZE
00000240   _ctrl
00000348   __unlock
0000034a   __lock
0000034c   ___TI_cleanup_ptr
0000034e   ___TI_dtors_ptr
00000352   _cpu
00000380   _hal
00000442   __stack
00000642   __STACK_END
00008000   _CTRL_setup
00008000   _RamfuncsRunStart
0000800a   _CTRL_run
00008519   _mainISR
000088cd   _FLASH_setStandbyWaitCount
000088d2   _FLASH_setPowerMode
000088d9   _FLASH_setOtpWaitStates
000088e0   _FLASH_setNumRandomReadWaitStates
000088e7   _FLASH_setNumPagedReadWaitStates
000088ee   _FLASH_setActiveWaitCount
000088f3   _FLASH_enablePipelineMode
000088f9   _FLASH_disablePipelineMode
000088ff   _HAL_setupFlash
0000891d   _usDelay
003f4000   _RamfuncsLoadStart
003f4921   .text
003f4921   _CTRL_setupTraj
003f4921   _RamfuncsLoadEnd
003f4921   ___text__
003f4a91   _CTRL_setupEstOnLineState
003f4acc   _CTRL_setupEstIdleState
003f4c6a   _CTRL_setupCtrl
003f4e61   _CTRL_setUserMotorParams
003f4f94   _CTRL_setEstParams
003f56fe   _CTRL_runTraj
003f57ef   _CTRL_getVersion
003f57f9   _HAL_writeDrvData
003f57fe   _HAL_setupTimers
003f583c   _HAL_setupSpiA
003f5872   _HAL_setupPwms
003f593e   _HAL_setupPll
003f597c   _HAL_setupPie
003f5998   _HAL_setupPeripheralClks
003f59cd   _HAL_setupLaunchPadGpio0and1
003f59f3   _HAL_setupGpios
003f5a92   _HAL_setupGate
003f5aa7   _HAL_setupFaults
003f5ac2   _HAL_setupDrvSpi
003f5ac7   _HAL_setupClks
003f5ae3   _HAL_setupAdcs
003f5b95   _HAL_AdcCalChanSelect
003f5bec   _HAL_AdcCalConversion
003f5d43   _HAL_AdcOffsetSelfCal
003f5d72   _HAL_getOscTrimValue
003f5d86   _HAL_osc1Comp
003f5dc5   _HAL_osc2Comp
003f5e04   _HAL_OscTempComp
003f5e57   _HAL_cal
003f5e6e   _HAL_setParams
003f5f6a   _HAL_readDrvData
003f5f6f   _HAL_disableWdog
003f5f74   _HAL_init
003f6026   _HAL_enablePwmInt
003f6037   _HAL_enableGlobalInts
003f603b   _HAL_enableDrv
003f6040   _HAL_enableDebugInt
003f6044   _HAL_enableAdcInts
003f6056   _HAL_disableGlobalInts
003f605a   _USER_softwareUpdate1p6
003f60e8   _USER_setParams
003f6222   _USER_setErrorCode
003f6225   _USER_getErrorCode
003f6228   _USER_computeTorque_lbin
003f627f   _USER_computeTorque_Nm
003f62cb   _USER_computeTorque_Ls_Id_Iq_pu_to_Nm_sf
003f6314   _USER_computeTorque_Flux_Iq_pu_to_Nm_sf
003f635f   _USER_computeFlux_pu_to_Wb_sf
003f63aa   _USER_computeFlux_pu_to_VpHz_sf
003f63f5   _USER_computeFlux
003f6403   _USER_checkForErrors
003f6407   _USER_calcPIgains
003f64b8   _CTRL_updateState
003f656a   _CTRL_setup_user
003f65c7   _CTRL_setupClarke_V
003f65dd   _CTRL_setupClarke_I
003f65f9   _CTRL_setWaitTimes
003f6602   _CTRL_setSpd_ref_pu
003f6605   _CTRL_setSpd_ref_krpm
003f6618   _CTRL_setGains
003f6640   _CTRL_setParams
003f687d   _CTRL_getWaitTimes
003f6886   _CTRL_getVdq_out_pu
003f688e   _CTRL_getVab_out_pu
003f6896   _CTRL_getVab_in_pu
003f689e   _CTRL_getIdq_ref_pu
003f68a6   _CTRL_getIdq_in_pu
003f68ae   _CTRL_getIab_in_pu
003f68b6   _CTRL_getIab_filt_pu
003f68be   _CTRL_getGains
003f68ee   _CTRL_setMagCurrent_pu
003f68f1   _CTRL_setMaximumSpeed_pu
003f68f4   _CTRL_getMaximumSpeed_pu
003f68f7   _CTRL_getMagCurrent_pu
003f68fa   _updateKpKiGains
003f691b   _updateGlobalVariables_motor
003f698e   _setupClarke_V
003f69a1   _setupClarke_I
003f69ba   _main
003f6ca3   _PWM_setTripZoneState_TZB
003f6caf   _PWM_setTripZoneState_TZA
003f6cb9   _PWM_setTripZoneState_DCBEVT2
003f6cc5   _PWM_setTripZoneState_DCBEVT1
003f6cd1   _PWM_setTripZoneState_DCAEVT2
003f6cdd   _PWM_setTripZoneState_DCAEVT1
003f6ce9   _PWM_setTripZoneDCEventSelect_DCBEVT2
003f6cf5   _PWM_setTripZoneDCEventSelect_DCBEVT1
003f6d01   _PWM_setTripZoneDCEventSelect_DCAEVT2
003f6d0d   _PWM_setTripZoneDCEventSelect_DCAEVT1
003f6d17   _PWM_setSyncMode
003f6d1b   _PWM_setSwSync
003f6d1e   _PWM_setSocBPulseSrc
003f6d27   _PWM_setSocBPeriod
003f6d30   _PWM_setSocAPulseSrc
003f6d39   _PWM_setSocAPeriod
003f6d42   _PWM_setShadowMode_CmpB
003f6d48   _PWM_setShadowMode_CmpA
003f6d4e   _PWM_setRunMode
003f6d52   _PWM_setPhaseDir
003f6d56   _PWM_setPhase
003f6d58   _PWM_setPeriodLoad
003f6d5c   _PWM_setPeriodHr
003f6d61   _PWM_setPeriod
003f6d63   _PWM_setLoadMode_CmpB
003f6d69   _PWM_setLoadMode_CmpA
003f6d6d   _PWM_setIntPeriod
003f6d74   _PWM_setIntMode
003f6d7b   _PWM_setHrShadowMode
003f6d85   _PWM_setHrEdgeMode
003f6d8f   _PWM_setHrControlMode
003f6d99   _PWM_setHighSpeedClkDiv
003f6d9d   _PWM_setDigitalCompareInput
003f6dac   _PWM_setDigitalCompareFilterWindow
003f6daf   _PWM_setDigitalCompareFilterSource
003f6db9   _PWM_setDigitalCompareFilterOffset
003f6dbc   _PWM_setDigitalCompareBlankingPulse
003f6dc8   _PWM_setDigitalCompareBEvent2
003f6dd8   _PWM_setDigitalCompareBEvent1
003f6def   _PWM_setDigitalCompareAEvent2
003f6dff   _PWM_setDigitalCompareAEvent1
003f6e16   _PWM_setDeadBandRisingEdgeDelay
003f6e19   _PWM_setDeadBandPolarity
003f6e20   _PWM_setDeadBandOutputMode
003f6e27   _PWM_setDeadBandInputMode
003f6e2e   _PWM_setDeadBandFallingEdgeDelay
003f6e31   _PWM_setCounterMode
003f6e35   _PWM_setCount
003f6e37   _PWM_setClkDiv
003f6e3b   _PWM_setChoppingPulseWidth
003f6e42   _PWM_setChoppingDutyCycle
003f6e49   _PWM_setChoppingClkFreq
003f6e50   _PWM_setActionQual_Zero_PwmB
003f6e57   _PWM_setActionQual_Zero_PwmA
003f6e5e   _PWM_setActionQual_Period_PwmB
003f6e67   _PWM_setActionQual_Period_PwmA
003f6e70   _PWM_setActionQual_CntUp_CmpB_PwmB
003f6e79   _PWM_setActionQual_CntUp_CmpB_PwmA
003f6e82   _PWM_setActionQual_CntUp_CmpA_PwmB
003f6e8b   _PWM_setActionQual_CntUp_CmpA_PwmA
003f6e94   _PWM_setActionQual_CntDown_CmpB_PwmB
003f6e9d   _PWM_setActionQual_CntDown_CmpB_PwmA
003f6ea6   _PWM_setActionQual_CntDown_CmpA_PwmB
003f6eaf   _PWM_setActionQual_CntDown_CmpA_PwmA
003f6eb8   _PWM_setActionQualContSWForce_PwmB
003f6ec1   _PWM_setActionQualContSWForce_PwmA
003f6ec8   _PWM_init
003f6ece   _PWM_incrementDeadBandRisingEdgeDelay
003f6ed1   _PWM_incrementDeadBandFallingEdgeDelay
003f6ed4   _PWM_getSocBCount
003f6ed9   _PWM_getSocACount
003f6ede   _PWM_getShadowStatus_CmpB
003f6ee2   _PWM_getShadowStatus_CmpA
003f6ee6   _PWM_getIntCount
003f6eea   _PWM_getDeadBandRisingEdgeDelay
003f6eed   _PWM_getDeadBandFallingEdgeDelay
003f6ef0   _PWM_enableTripZoneSrc
003f6ef6   _PWM_enableTripZoneInt
003f6efc   _PWM_enableSocBPulse
003f6f00   _PWM_enableSocAPulse
003f6f04   _PWM_enableInt
003f6f08   _PWM_enableHrPhaseSync
003f6f0f   _PWM_enableHrPeriod
003f6f16   _PWM_enableDigitalCompareBlankingWindowInversion
003f6f1d   _PWM_enableDigitalCompareBlankingWindow
003f6f24   _PWM_enableDeadBandHalfCycle
003f6f28   _PWM_enableCounterLoad
003f6f2b   _PWM_enableChopping
003f6f2f   _PWM_enableAutoConvert
003f6f36   _PWM_disableTripZones
003f6f3c   _PWM_disableTripZoneSrc
003f6f43   _PWM_disableTripZoneInt
003f6f4a   _PWM_disableSocBPulse
003f6f4e   _PWM_disableSocAPulse
003f6f52   _PWM_disableInt
003f6f56   _PWM_disableHrPhaseSync
003f6f5d   _PWM_disableHrPeriod
003f6f64   _PWM_disableDigitalCompareBlankingWindowInversion
003f6f6b   _PWM_disableDigitalCompareBlankingWindow
003f6f72   _PWM_disableDeadBandHalfCycle
003f6f76   _PWM_disableDeadBand
003f6f79   _PWM_disableCounterLoad
003f6f7c   _PWM_disableChopping
003f6f80   _PWM_disableAutoConvert
003f6f87   _PWM_decrementDeadBandRisingEdgeDelay
003f6f8a   _PWM_decrementDeadBandFallingEdgeDelay
003f6f8d   _PWM_clearTripZone
003f6f93   _DRV8301_writeSpi
003f6fa9   _DRV8301_writeData
003f6fd2   _DRV8301_readSpi
003f7008   _DRV8301_setupSpi
003f7084   _DRV8301_setSpiHandle
003f7086   _DRV8301_setShuntAmpGain
003f709a   _DRV8301_setPwmMode
003f70ae   _DRV8301_setPeakCurrent
003f70c2   _DRV8301_setOcTwMode
003f70d6   _DRV8301_setOcOffTimeMode
003f70ea   _DRV8301_setOcMode
003f70fe   _DRV8301_setOcLevel
003f7112   _DRV8301_setGpioNumber
003f7114   _DRV8301_setGpioHandle
003f7116   _DRV8301_setDcCalMode
003f7135   _DRV8301_reset
003f7144   _DRV8301_readData
003f71af   _DRV8301_isReset
003f71b6   _DRV8301_isFault
003f71bc   _DRV8301_init
003f71c5   _DRV8301_getShuntAmpGain
003f71cc   _DRV8301_getPwmMode
003f71d3   _DRV8301_getPeakCurrent
003f71da   _DRV8301_getOcTwMode
003f71e1   _DRV8301_getOcOffTimeMode
003f71e8   _DRV8301_getOcMode
003f71ef   _DRV8301_getOcLevel
003f71f6   _DRV8301_getId
003f71fc   _DRV8301_getFaultType
003f7217   _DRV8301_getDcCalMode
003f7229   _DRV8301_enable
003f724b   _ADC_setupSocTrigSrc
003f7276   _ADC_setVoltRefSrc
003f7288   _ADC_setTempSensorSrc
003f729a   _ADC_setSocTrigSrc
003f72ad   _ADC_setSocSampleDelay
003f72c0   _ADC_setSocFrcWord
003f72c7   _ADC_setSocFrc
003f72d1   _ADC_setSocChanNumber
003f72e4   _ADC_setSampleOverlapMode
003f72f9   _ADC_setSampleMode
003f7311   _ADC_setOffTrim
003f7318   _ADC_setIntSrc
003f7335   _ADC_setIntPulseGenMode
003f7347   _ADC_setIntMode
003f7364   _ADC_setDivideSelect
003f7376   _ADC_reset
003f7381   _ADC_powerUp
003f738c   _ADC_powerDown
003f7397   _ADC_init
003f739e   _ADC_getDivideSelect
003f73a3   _ADC_enableVoltRefLoConv
003f73ae   _ADC_enableRefBuffers
003f73b9   _ADC_enableNoOverlapMode
003f73c4   _ADC_enableInt
003f73db   _ADC_enableBandGap
003f73e6   _ADC_enable
003f73f1   _ADC_disableVoltRefLoConv
003f73fc   _ADC_disableRefBuffers
003f7407   _ADC_disableNoOverlapMode
003f7412   _ADC_disableInt
003f742d   _ADC_disableBandGap
003f7438   _ADC_disable
003f7443   _GPIO_toggle
003f7456   _GPIO_setQualificationPeriod
003f7481   _GPIO_setQualification
003f74ba   _GPIO_setPullUp
003f74d5   _GPIO_setPortData
003f74e0   _GPIO_setMode
003f7511   _GPIO_setLow
003f7524   _GPIO_setHigh
003f7537   _GPIO_setExtInt
003f7542   _GPIO_setDirection
003f755d   _GPIO_read
003f7581   _GPIO_lpmSelect
003f758b   _GPIO_init
003f7591   _GPIO_getPortData
003f7598   _GPIO_getData
003f75a8   _CLK_setXClkInSrc
003f75af   _CLK_setWatchDogSrc
003f75b6   _CLK_setTimer2Src
003f75bd   _CLK_setTimer2PreScale
003f75c4   _CLK_setOscSrc
003f75cb   _CLK_setOsc2Src
003f75d2   _CLK_setLowSpdPreScaler
003f75d8   _CLK_setClkOutPreScaler
003f75df   _CLK_init
003f75e5   _CLK_enableWatchDogHaltMode
003f75eb   _CLK_enableTbClockSync
003f75f2   _CLK_enableSpiaClock
003f75f9   _CLK_enableSciaClock
003f7600   _CLK_enablePwmClock
003f7609   _CLK_enableOsc2HaltMode
003f760f   _CLK_enableOsc2
003f7615   _CLK_enableOsc1HaltMode
003f761b   _CLK_enableOsc1
003f7621   _CLK_enableI2cClock
003f7628   _CLK_enableHrPwmClock
003f762f   _CLK_enableGpioInputClock
003f7636   _CLK_enableEcap1Clock
003f763d   _CLK_enableCrystalOsc
003f7643   _CLK_enableCpuTimerClock
003f7649   _CLK_enableCompClock
003f764f   _CLK_enableClkIn
003f7655   _CLK_enableAdcClock
003f765c   _CLK_disableWatchDogHaltMode
003f7662   _CLK_disableTbClockSync
003f7669   _CLK_disableSpiaClock
003f7670   _CLK_disableSciaClock
003f7677   _CLK_disablePwmClock
003f7681   _CLK_disableOsc2HaltMode
003f7687   _CLK_disableOsc2
003f768d   _CLK_disableOsc1HaltMode
003f7693   _CLK_disableOsc1
003f7699   _CLK_disableI2cClock
003f76a0   _CLK_disableHrPwmClock
003f76a7   _CLK_disableGpioInputClock
003f76ae   _CLK_disableEcap1Clock
003f76b5   _CLK_disableCrystalOsc
003f76bb   _CLK_disableCpuTimerClock
003f76c2   _CLK_disableCompClock
003f76c6   _CLK_disableClkIn
003f76cc   _CLK_disableAdcClock
003f76d3   _PIE_unregisterSystemIntHandler
003f76e0   _PIE_unregisterPieIntHandler
003f76f1   _PIE_setExtIntPolarity
003f7701   _PIE_setDefaultIntVectorTable
003f770d   _PIE_registerSystemIntHandler
003f7718   _PIE_registerPieIntHandler
003f7727   _PIE_init
003f772e   _PIE_getIntFlags
003f7735   _PIE_getIntEnables
003f773c   _PIE_getExtIntCount
003f7744   _PIE_forceInt
003f774e   _PIE_enableTimer0Int
003f7751   _PIE_enablePwmTzInt
003f7756   _PIE_enablePwmInt
003f775b   _PIE_enableInt
003f7765   _PIE_enableExtInt
003f7788   _PIE_enableCaptureInt
003f778c   _PIE_enableAdcInt
003f77a8   _PIE_enable
003f77ab   _PIE_disableInt
003f77b6   _PIE_disableExtInt
003f77c3   _PIE_disableCaptureInt
003f77c7   _PIE_disableAllInts
003f77d1   _PIE_disable
003f77d4   _PIE_clearAllInts
003f77d7   _PIE_clearAllFlags
003f77e1   _SPI_setTxFifoIntLevel
003f77e8   _SPI_setTxDelay
003f77eb   _SPI_setTriWire
003f77f2   _SPI_setSuspend
003f77f9   _SPI_setSteInv
003f7800   _SPI_setRxFifoIntLevel
003f7807   _SPI_setPriority
003f780e   _SPI_setMode
003f7810   _SPI_setClkPolarity
003f7814   _SPI_setClkPhase
003f7816   _SPI_setCharLength
003f781a   _SPI_setBaudRate
003f781c   _SPI_resetTxFifo
003f7820   _SPI_resetRxFifo
003f7824   _SPI_resetChannels
003f7828   _SPI_reset
003f782b   _SPI_init
003f7831   _SPI_getTxFifoStatus
003f7835   _SPI_getTxBufferStatus
003f7838   _SPI_getRxFifoStatus
003f783c   _SPI_getIntFlagStatus
003f783f   _SPI_enableTxFifoInt
003f7843   _SPI_enableTxFifoEnh
003f7847   _SPI_enableTxFifo
003f784b   _SPI_enableTx
003f784e   _SPI_enableRxFifoInt
003f7852   _SPI_enableRxFifo
003f7856   _SPI_enableOverRunInt
003f7859   _SPI_enableLoopBack
003f785c   _SPI_enableInt
003f785f   _SPI_enableChannels
003f7863   _SPI_enable
003f7866   _SPI_disableTxFifoInt
003f786a   _SPI_disableTxFifoEnh
003f786e   _SPI_disableTx
003f7871   _SPI_disableRxFifoInt
003f7875   _SPI_disableOverRunInt
003f7878   _SPI_disableLoopBack
003f787b   _SPI_disableInt
003f787e   _SPI_clearTxFifoInt
003f7882   _SPI_clearRxFifoOvf
003f7886   _SPI_clearRxFifoInt
003f788a   _PLL_setLockPeriod
003f788f   _PLL_setDivideSelect
003f7896   _PLL_setClkFreq
003f789c   _PLL_resetClkDetect
003f78a2   _PLL_init
003f78a8   _PLL_getLockStatus
003f78ab   _PLL_getDivideSelect
003f78ae   _PLL_getClkStatus
003f78b1   _PLL_getClkFreq
003f78b5   _PLL_enableOsc
003f78bb   _PLL_enableNormRdy
003f78c1   _PLL_enableClkDetect
003f78c7   _PLL_enable
003f78cd   _PLL_disableOsc
003f78d3   _PLL_disableNormRdy
003f78d9   _PLL_disableClkDetect
003f78df   _PLL_disable
003f78e5   _PWR_setNumStandByClocks
003f78f7   _PWR_setLowPowerMode
003f7909   _PWR_init
003f7910   _PWR_enableWatchDogInt
003f791b   _PWR_enableBrownOutReset
003f791e   _PWR_disableWatchDogInt
003f7929   _PWR_disableBrownOutReset
003f792c   _WDOG_setPreScaler
003f7936   _WDOG_setCount
003f7938   _WDOG_init
003f793e   _WDOG_getIntStatus
003f7941   _WDOG_enableOverRide
003f7947   _WDOG_enableInt
003f794d   _WDOG_enable
003f7956   _WDOG_disableOverRide
003f795c   _WDOG_disableInt
003f7962   _WDOG_disable
003f796a   _WDOG_clearCounter
003f7972   _OFFSET_setOffset
003f7974   _OFFSET_setInitCond
003f7983   _OFFSET_setBeta
003f7999   _OFFSET_init
003f79aa   _OFFSET_getBeta
003f79b7   _c_int00
003f79fb   _TIMER_setPreScaler
003f7a09   _TIMER_setEmulationMode
003f7a0d   _TIMER_setDecimationFactor
003f7a1b   _TIMER_init
003f7a21   _TIMER_getStatus
003f7a24   _TIMER_enableInt
003f7a27   _TIMER_disableInt
003f7a2a   _TIMER_clearFlag
003f7a2d   _OSC_setTrim
003f7a36   _OSC_setFineTrim
003f7a47   _OSC_setCoarseTrim
003f7a54   _OSC_init
003f7a5a   L$$DIV
003f7a69   L$$MOD
003f7a77   UL$$DIV
003f7a7e   UL$$MOD
003f7a84   _CPU_init
003f7a88   _CPU_enableProtectedRegisterWrite
003f7a8b   _CPU_enableInt
003f7a8f   _CPU_enableGlobalInts
003f7a92   _CPU_enableDebugInt
003f7a95   _CPU_disableProtectedRegisterWrite
003f7a98   _CPU_disableInts
003f7a9b   _CPU_disableInt
003f7aa0   _CPU_disableGlobalInts
003f7aa3   _CPU_disableDebugInt
003f7aa6   _CPU_clearIntFlags
003f7aa9   _FILTER_FO_setNumCoeffs
003f7aad   _FILTER_FO_setInitialConditions
003f7ab2   _FILTER_FO_setDenCoeffs
003f7ab4   _FILTER_FO_init
003f7aba   _FILTER_FO_getNumCoeffs
003f7ac0   _FILTER_FO_getInitialConditions
003f7ac7   _FILTER_FO_getDenCoeffs
003f7aca   _FLASH_init
003f7ad0   _FLASH_getStandbyWaitStatus
003f7ad4   _FLASH_getStandbyWaitCount
003f7ad7   _FLASH_getPowerMode
003f7ada   _FLASH_getActiveWaitStatus
003f7ade   _FLASH_getActiveWaitCount
003f7ae1   _FLASH_get3VStatus
003f7ae4   _FLASH_clear3VStatus
003f7aea   FS$$TOU
003f7b07   __args_main
003f7b20   C$$EXIT
003f7b20   _abort
003f7b22   _exit
003f7b39   _memCopy
003f7b49   _PID_init
003f7b56   __register_unlock
003f7b5a   __register_lock
003f7b5e   __nop
003f7b67   _SVGEN_setup
003f7b68   _SVGEN_init
003f7b6e   _CLARKE_init
003f7b74   _IPARK_init
003f7b7a   _PARK_init
003f7b80   _TRAJ_init
003f7b86   _PIE_illegalIsr
003f7b8b   ___cinit__
003f7b8b   ___etext__
003f7b8b   cinit
003f7b8b   etext
003f7ff6   code_start
003fc000   _EST_getState
003fc002   _EST_useZeroIq_ref
003fc05a   _EST_resetCounter_state
003fc05e   _EST_isMotorIdentified
003fc062   _EST_getFullScaleCurrent
003fc08e   _EST_getFullScaleVoltage
003fc092   _EST_computeDirection_qFmt
003fc0f8   _EST_updateState
003fc3da   _EST_updateId_ref_pu
003fc3e2   _EST_setWaitTimes
003fc3fd   _EST_setRs_pu
003fc4bb   _EST_setMotorParams
003fc4c0   _EST_setMaxCurrentSlope_pu
003fc4cc   _EST_setLs_q_pu
003fc4d1   _EST_getFullScaleInductance
003fc4d6   _EST_setLs_qFmt
003fc52a   _EST_setLs_d_pu
003fc548   _EST_setIq_ref_pu
003fc54c   _EST_setIdle_all
003fc55f   _EST_setIdle
003fc565   _EST_setId_ref_pu
003fc569   _EST_setIdRated_pu
003fc56f   _EST_setFullScaleVoltage
003fc573   _EST_setFullScaleResistance
003fc58b   _EST_setFullScaleFreq
003fc594   _EST_setFullScaleCurrent
003fc5b0   _EST_setFlag_updateRs
003fc5b4   _EST_setFlag_estComplete
003fc5b8   _EST_setFlag_enableRsRecalc
003fc5bc   _EST_setFlag_enableRsOnLine
003fc5c0   _EST_setFlag_enableForceAngle
003fc5c5   _EST_setFlag_enableFluxControl
003fc5ed   _EST_resetCounter_ctrl
003fc5f2   _EST_getAngle_pu
003fcc5c   _EST_getFullScaleFreq
003fcc60   _EST_run
003fcd5d   _EST_isOnLine
003fcd64   _EST_isLockRotor
003fcd6b   _EST_isIdle
003fcd72   _EST_isError
003fce38   _EST_get_pu_to_krpm_sf
003fce3d   _EST_get_krpm_to_pu_sf
003fceab   _EST_getSpeed_krpm
003fcef8   _EST_getRs_Ohm
003fcf92   _EST_getRr_Ohm
003fcf98   _EST_getOneOverDcBus_pu
003fcfa2   _EST_getMaxCurrentSlope_pu
003fcfae   _EST_getLs_q_pu
003fcfb3   _EST_getLs_q_H
003fcfd5   _EST_getLs_d_pu
003fcfda   _EST_getLs_d_H
003fcfe4   _EST_getLs_coarse_max_pu
003fd017   _EST_getIdRated
003fd043   _EST_getFullScaleFlux
003fd073   _EST_getFm_pu
003fd090   _EST_getFlux_pu
003fd0a3   _EST_getFlux_VpHz
003fd13d   _EST_doSpeedCtrl
003fd145   _EST_doCurrentCtrl
003fd14d   _EST_computeR
003fd16d   _EST_computeL
003fd1af   _EST_TRAJ_setParams
003fd1be   _EST_I_setParams
003fd1e8   _EST_EPL_setParams
003fd237   _EST_Ls_setWaitTimes
003fd247   _EST_Ls_setParams
003fd284   _EST_Ls_setLs_q
003fd2b6   _EST_Ls_setLs_d
003fd3a8   _EST_Ls_getLs_d
003fd41e   _EST_Flux_setWaitTimes
003fd42e   _EST_Flux_setParams
003fd49c   _EST_Flux_getRatedFlux_pu
003fd514   _EST_Flux_computeOneOverFlux_qFmt
003fd54d   _EST_RsOnLine_setParams
003fd57d   _EST_RsOnLine_setFilterParams
003fd6b3   _EST_Rs_setWaitTimes
003fd6c3   _EST_Rs_setRs
003fd725   _EST_Rs_setParams
003fd767   _EST_Rs_getRs
003fd788   _EST_Rr_setRr
003fd7e9   _EST_Rr_setParams
003fd88b   _CTRL_initCtrl
003fd922   _EST_Dir_setParams
003fd95c   _EST_Freq_setParams
003fd9b0   _EST_Flux_ab_setParams
003fd9cc   _EST_Iab_setParams
003fd9e5   _EST_Angle_setParams
003fd9fb   _EST_Vdq_setParams
003fda0d   _EST_OneOverDcBus_setParams
003fda1e   _EST_Idq_setParams
003fda3b   _EST_Flux_dq_setParams
003fda47   _EST_Vback_ab_setParams
003fda53   _EST_Vab_setParams
003fda5e   _EST_Vback_dq_setParams
003fda88   _log
003fdb33   _exp
003fdc5e   FD$$MPY
003fdce1   FS$$DIV
003fdd64   _pow
003fdde7   FS$$MPY
003fde82   _modf
003fdeb3   FS$$SUB
003fdeb8   FS$$ADD
003fdf2b   FS$$CMP
003fdf7b   FD$$TOL
003fdfb7   FS$$TOFD
003ff083   __IQ24div
003ff2aa   __IQ24sqrt
003ff82b   __IQ24sinPU
003ff854   __IQ24cosPU
003ff87b   __IQ29rsmpy
003ff8aa   UL$$TOFS
003ff8bd   U$$TOFS
003fff0e   FS$$TOI
003fff33   I$$TOFS
003fff4d   FS$$NEG
003fff52   __IQ30rsmpy
003fff7b   __IQ30toF
003fff8f   __IQ24rmpy
ffffffff   ___binit__
ffffffff   ___c_args__
ffffffff   ___pinit__
ffffffff   binit
ffffffff   pinit

[668 symbols]
