TMS320C2000 Assembler PC v6.2.3 Mon Aug 03 18:20:39 2015

Tools Copyright (c) 1996-2013 Texas Instruments Incorporated
C:\Users\a0220341\AppData\Local\Temp\2385210                         PAGE    1

       1              ;***************************************************************
       2              ;* TMS320C2000 C/C++ Codegen                         PC v6.2.3 *
       3              ;* Date/Time created: Mon Aug 03 18:20:39 2015                 *
       4              ;***************************************************************
       5                      .compiler_opts --float_support=softlib --hll_source=on --mem_model:code=flat --mem_model:data=large -
       6        0002  FP      .set    XAR2
       7              
       8              $C$DW$CU        .dwtag  DW_TAG_compile_unit
       9                      .dwattr $C$DW$CU, DW_AT_name("D:/victor TI/Customer issue/Zero/4inOne/Code/sw/modules/ipark/src/32b/i
      10                      .dwattr $C$DW$CU, DW_AT_producer("TMS320C2000 C/C++ Codegen PC v6.2.3 Copyright (c) 1996-2013 Texas I
      11                      .dwattr $C$DW$CU, DW_AT_TI_version(0x01)
      12                      .dwattr $C$DW$CU, DW_AT_comp_dir("D:\victor TI\Customer issue\Zero\4inOne\Code\sw\solutions\instaspin
      13              ;       C:\ti\ccsv6\tools\compiler\ti-cgt-c2000_6.2.3\bin\opt2000.exe C:\\Users\\a0220341\\AppData\\Local\\Te
      14              ;       C:\ti\ccsv6\tools\compiler\ti-cgt-c2000_6.2.3\bin\ac2000.exe -@C:\\Users\\a0220341\\AppData\\Local\\T
      15 00000000               .sect   ".text"
      16                      .global _IPARK_init
      17              
      18              $C$DW$1 .dwtag  DW_TAG_subprogram, DW_AT_name("IPARK_init")
      19                      .dwattr $C$DW$1, DW_AT_low_pc(_IPARK_init)
      20                      .dwattr $C$DW$1, DW_AT_high_pc(0x00)
      21                      .dwattr $C$DW$1, DW_AT_TI_symbol_name("_IPARK_init")
      22                      .dwattr $C$DW$1, DW_AT_external
      23                      .dwattr $C$DW$1, DW_AT_type(*$C$DW$T$22)
      24                      .dwattr $C$DW$1, DW_AT_TI_begin_file("D:/victor TI/Customer issue/Zero/4inOne/Code/sw/modules/ipark/s
      25                      .dwattr $C$DW$1, DW_AT_TI_begin_line(0x38)
      26                      .dwattr $C$DW$1, DW_AT_TI_begin_column(0x0e)
      27                      .dwattr $C$DW$1, DW_AT_TI_max_frame_size(-2)
      28                      .dwpsn  file "D:/victor TI/Customer issue/Zero/4inOne/Code/sw/modules/ipark/src/32b/ipark.c",line 57,
      29              
      30                      .dwfde $C$DW$CIE, _IPARK_init
      31              $C$DW$2 .dwtag  DW_TAG_formal_parameter, DW_AT_name("pMemory")
      32                      .dwattr $C$DW$2, DW_AT_TI_symbol_name("_pMemory")
      33                      .dwattr $C$DW$2, DW_AT_type(*$C$DW$T$3)
      34                      .dwattr $C$DW$2, DW_AT_location[DW_OP_reg12]
      35              $C$DW$3 .dwtag  DW_TAG_formal_parameter, DW_AT_name("numBytes")
      36                      .dwattr $C$DW$3, DW_AT_TI_symbol_name("_numBytes")
      37                      .dwattr $C$DW$3, DW_AT_type(*$C$DW$T$24)
      38                      .dwattr $C$DW$3, DW_AT_location[DW_OP_reg0]
      39              
      40              ;***************************************************************
      41              ;* FNAME: _IPARK_init                   FR SIZE:   0           *
      42              ;*                                                             *
      43              ;* FUNCTION ENVIRONMENT                                        *
      44              ;*                                                             *
      45              ;* FUNCTION PROPERTIES                                         *
      46              ;*                            0 Parameter,  0 Auto,  0 SOE     *
      47              ;***************************************************************
      48              
      49              _IPARK_init:
      50              ;* AR6   assigned to _numBytes
      51              $C$DW$4 .dwtag  DW_TAG_variable, DW_AT_name("numBytes")
      52                      .dwattr $C$DW$4, DW_AT_TI_symbol_name("_numBytes")
      53                      .dwattr $C$DW$4, DW_AT_type(*$C$DW$T$24)
      54                      .dwattr $C$DW$4, DW_AT_location[DW_OP_reg16]
      55              ;* AR4   assigned to _pMemory
TMS320C2000 Assembler PC v6.2.3 Mon Aug 03 18:20:39 2015

Tools Copyright (c) 1996-2013 Texas Instruments Incorporated
C:\Users\a0220341\AppData\Local\Temp\2385210                         PAGE    2

      56              $C$DW$5 .dwtag  DW_TAG_variable, DW_AT_name("pMemory")
      57                      .dwattr $C$DW$5, DW_AT_TI_symbol_name("_pMemory")
      58                      .dwattr $C$DW$5, DW_AT_type(*$C$DW$T$27)
      59                      .dwattr $C$DW$5, DW_AT_location[DW_OP_reg12]
      60                      .dwcfi  cfa_offset, -2
      61                      .dwcfi  save_reg_to_mem, 26, 0
      62                      .dwcfi  save_reg_to_reg, 78, 26
      63 00000000 1EA6          MOVL      XAR6,ACC              ; [CPU_] |57| 
      64                      .dwpsn  file "D:/victor TI/Customer issue/Zero/4inOne/Code/sw/modules/ipark/src/32b/ipark.c",line 61,
      65 00000001 0204          MOVB      ACC,#4                ; [CPU_] |61| 
      66 00000002 0FA6          CMPL      ACC,XAR6              ; [CPU_] |61| 
      67 00000003 6902          B         $C$L1,LOS             ; [CPU_] |61| 
      68                      ; branchcc occurs ; [] |61| 
      69 00000004 D400          MOVB      XAR4,#0               ; [CPU_] |61| 
      70              $C$L1:    
      71              $C$DW$6 .dwtag  DW_TAG_TI_branch
      72                      .dwattr $C$DW$6, DW_AT_low_pc(0x00)
      73                      .dwattr $C$DW$6, DW_AT_TI_return
      74 00000005 0006          LRETR     ; [CPU_] 
      75                      ; return occurs ; [] 
      76                      .dwattr $C$DW$1, DW_AT_TI_end_file("D:/victor TI/Customer issue/Zero/4inOne/Code/sw/modules/ipark/src
      77                      .dwattr $C$DW$1, DW_AT_TI_end_line(0x43)
      78                      .dwattr $C$DW$1, DW_AT_TI_end_column(0x01)
      79                      .dwendentry
      80                      .dwendtag $C$DW$1
      81              
      82              
      83              ;***************************************************************
      84              ;* TYPE INFORMATION                                            *
      85              ;***************************************************************
      86              
      87              $C$DW$T$20      .dwtag  DW_TAG_structure_type
      88                      .dwattr $C$DW$T$20, DW_AT_name("_IPARK_Obj_")
      89                      .dwattr $C$DW$T$20, DW_AT_byte_size(0x04)
      90              $C$DW$7 .dwtag  DW_TAG_member
      91                      .dwattr $C$DW$7, DW_AT_type(*$C$DW$T$19)
      92                      .dwattr $C$DW$7, DW_AT_name("sinTh")
      93                      .dwattr $C$DW$7, DW_AT_TI_symbol_name("_sinTh")
      94                      .dwattr $C$DW$7, DW_AT_data_member_location[DW_OP_plus_uconst 0x0]
      95                      .dwattr $C$DW$7, DW_AT_accessibility(DW_ACCESS_public)
      96              $C$DW$8 .dwtag  DW_TAG_member
      97                      .dwattr $C$DW$8, DW_AT_type(*$C$DW$T$19)
      98                      .dwattr $C$DW$8, DW_AT_name("cosTh")
      99                      .dwattr $C$DW$8, DW_AT_TI_symbol_name("_cosTh")
     100                      .dwattr $C$DW$8, DW_AT_data_member_location[DW_OP_plus_uconst 0x2]
     101                      .dwattr $C$DW$8, DW_AT_accessibility(DW_ACCESS_public)
     102                      .dwendtag $C$DW$T$20
     103              
     104              $C$DW$T$21      .dwtag  DW_TAG_pointer_type
     105                      .dwattr $C$DW$T$21, DW_AT_type(*$C$DW$T$20)
     106                      .dwattr $C$DW$T$21, DW_AT_address_class(0x16)
     107              $C$DW$T$22      .dwtag  DW_TAG_typedef, DW_AT_name("IPARK_Handle")
     108                      .dwattr $C$DW$T$22, DW_AT_type(*$C$DW$T$21)
     109                      .dwattr $C$DW$T$22, DW_AT_language(DW_LANG_C)
     110              $C$DW$T$3       .dwtag  DW_TAG_pointer_type
TMS320C2000 Assembler PC v6.2.3 Mon Aug 03 18:20:39 2015

Tools Copyright (c) 1996-2013 Texas Instruments Incorporated
C:\Users\a0220341\AppData\Local\Temp\2385210                         PAGE    3

     111                      .dwattr $C$DW$T$3, DW_AT_address_class(0x16)
     112              $C$DW$9 .dwtag  DW_TAG_TI_far_type
     113                      .dwattr $C$DW$9, DW_AT_type(*$C$DW$T$3)
     114              $C$DW$T$27      .dwtag  DW_TAG_const_type
     115                      .dwattr $C$DW$T$27, DW_AT_type(*$C$DW$9)
     116              $C$DW$T$4       .dwtag  DW_TAG_base_type
     117                      .dwattr $C$DW$T$4, DW_AT_encoding(DW_ATE_boolean)
     118                      .dwattr $C$DW$T$4, DW_AT_name("bool")
     119                      .dwattr $C$DW$T$4, DW_AT_byte_size(0x01)
     120              $C$DW$T$5       .dwtag  DW_TAG_base_type
     121                      .dwattr $C$DW$T$5, DW_AT_encoding(DW_ATE_signed_char)
     122                      .dwattr $C$DW$T$5, DW_AT_name("signed char")
     123                      .dwattr $C$DW$T$5, DW_AT_byte_size(0x01)
     124              $C$DW$T$6       .dwtag  DW_TAG_base_type
     125                      .dwattr $C$DW$T$6, DW_AT_encoding(DW_ATE_unsigned_char)
     126                      .dwattr $C$DW$T$6, DW_AT_name("unsigned char")
     127                      .dwattr $C$DW$T$6, DW_AT_byte_size(0x01)
     128              $C$DW$T$7       .dwtag  DW_TAG_base_type
     129                      .dwattr $C$DW$T$7, DW_AT_encoding(DW_ATE_signed_char)
     130                      .dwattr $C$DW$T$7, DW_AT_name("wchar_t")
     131                      .dwattr $C$DW$T$7, DW_AT_byte_size(0x01)
     132              $C$DW$T$8       .dwtag  DW_TAG_base_type
     133                      .dwattr $C$DW$T$8, DW_AT_encoding(DW_ATE_signed)
     134                      .dwattr $C$DW$T$8, DW_AT_name("short")
     135                      .dwattr $C$DW$T$8, DW_AT_byte_size(0x01)
     136              $C$DW$T$9       .dwtag  DW_TAG_base_type
     137                      .dwattr $C$DW$T$9, DW_AT_encoding(DW_ATE_unsigned)
     138                      .dwattr $C$DW$T$9, DW_AT_name("unsigned short")
     139                      .dwattr $C$DW$T$9, DW_AT_byte_size(0x01)
     140              $C$DW$T$10      .dwtag  DW_TAG_base_type
     141                      .dwattr $C$DW$T$10, DW_AT_encoding(DW_ATE_signed)
     142                      .dwattr $C$DW$T$10, DW_AT_name("int")
     143                      .dwattr $C$DW$T$10, DW_AT_byte_size(0x01)
     144              $C$DW$T$11      .dwtag  DW_TAG_base_type
     145                      .dwattr $C$DW$T$11, DW_AT_encoding(DW_ATE_unsigned)
     146                      .dwattr $C$DW$T$11, DW_AT_name("unsigned int")
     147                      .dwattr $C$DW$T$11, DW_AT_byte_size(0x01)
     148              $C$DW$T$12      .dwtag  DW_TAG_base_type
     149                      .dwattr $C$DW$T$12, DW_AT_encoding(DW_ATE_signed)
     150                      .dwattr $C$DW$T$12, DW_AT_name("long")
     151                      .dwattr $C$DW$T$12, DW_AT_byte_size(0x02)
     152              $C$DW$T$19      .dwtag  DW_TAG_typedef, DW_AT_name("_iq")
     153                      .dwattr $C$DW$T$19, DW_AT_type(*$C$DW$T$12)
     154                      .dwattr $C$DW$T$19, DW_AT_language(DW_LANG_C)
     155              $C$DW$T$13      .dwtag  DW_TAG_base_type
     156                      .dwattr $C$DW$T$13, DW_AT_encoding(DW_ATE_unsigned)
     157                      .dwattr $C$DW$T$13, DW_AT_name("unsigned long")
     158                      .dwattr $C$DW$T$13, DW_AT_byte_size(0x02)
     159              $C$DW$T$23      .dwtag  DW_TAG_typedef, DW_AT_name("size_t")
     160                      .dwattr $C$DW$T$23, DW_AT_type(*$C$DW$T$13)
     161                      .dwattr $C$DW$T$23, DW_AT_language(DW_LANG_C)
     162              $C$DW$10        .dwtag  DW_TAG_TI_far_type
     163                      .dwattr $C$DW$10, DW_AT_type(*$C$DW$T$23)
     164              $C$DW$T$24      .dwtag  DW_TAG_const_type
     165                      .dwattr $C$DW$T$24, DW_AT_type(*$C$DW$10)
TMS320C2000 Assembler PC v6.2.3 Mon Aug 03 18:20:39 2015

Tools Copyright (c) 1996-2013 Texas Instruments Incorporated
C:\Users\a0220341\AppData\Local\Temp\2385210                         PAGE    4

     166              $C$DW$T$14      .dwtag  DW_TAG_base_type
     167                      .dwattr $C$DW$T$14, DW_AT_encoding(DW_ATE_signed)
     168                      .dwattr $C$DW$T$14, DW_AT_name("long long")
     169                      .dwattr $C$DW$T$14, DW_AT_byte_size(0x04)
     170              $C$DW$T$15      .dwtag  DW_TAG_base_type
     171                      .dwattr $C$DW$T$15, DW_AT_encoding(DW_ATE_unsigned)
     172                      .dwattr $C$DW$T$15, DW_AT_name("unsigned long long")
     173                      .dwattr $C$DW$T$15, DW_AT_byte_size(0x04)
     174              $C$DW$T$16      .dwtag  DW_TAG_base_type
     175                      .dwattr $C$DW$T$16, DW_AT_encoding(DW_ATE_float)
     176                      .dwattr $C$DW$T$16, DW_AT_name("float")
     177                      .dwattr $C$DW$T$16, DW_AT_byte_size(0x02)
     178              $C$DW$T$17      .dwtag  DW_TAG_base_type
     179                      .dwattr $C$DW$T$17, DW_AT_encoding(DW_ATE_float)
     180                      .dwattr $C$DW$T$17, DW_AT_name("double")
     181                      .dwattr $C$DW$T$17, DW_AT_byte_size(0x02)
     182              $C$DW$T$18      .dwtag  DW_TAG_base_type
     183                      .dwattr $C$DW$T$18, DW_AT_encoding(DW_ATE_float)
     184                      .dwattr $C$DW$T$18, DW_AT_name("long double")
     185                      .dwattr $C$DW$T$18, DW_AT_byte_size(0x04)
     186                      .dwattr $C$DW$CU, DW_AT_language(DW_LANG_C)
     187              
     188              ;***************************************************************
     189              ;* DWARF CIE ENTRIES                                           *
     190              ;***************************************************************
     191              
     192              $C$DW$CIE       .dwcie 78
     193                      .dwcfi  cfa_register, 20
     194                      .dwcfi  cfa_offset, 0
     195                      .dwcfi  undefined, 0
     196                      .dwcfi  undefined, 1
     197                      .dwcfi  undefined, 2
     198                      .dwcfi  undefined, 3
     199                      .dwcfi  undefined, 20
     200                      .dwcfi  undefined, 21
     201                      .dwcfi  undefined, 22
     202                      .dwcfi  undefined, 23
     203                      .dwcfi  undefined, 24
     204                      .dwcfi  undefined, 25
     205                      .dwcfi  undefined, 26
     206                      .dwcfi  same_value, 28
     207                      .dwcfi  undefined, 29
     208                      .dwcfi  undefined, 30
     209                      .dwcfi  undefined, 31
     210                      .dwcfi  undefined, 32
     211                      .dwcfi  undefined, 33
     212                      .dwcfi  undefined, 34
     213                      .dwcfi  undefined, 35
     214                      .dwcfi  undefined, 36
     215                      .dwcfi  undefined, 37
     216                      .dwcfi  undefined, 38
     217                      .dwcfi  undefined, 75
     218                      .dwcfi  undefined, 76
     219                      .dwcfi  undefined, 77
     220                      .dwcfi  undefined, 4
TMS320C2000 Assembler PC v6.2.3 Mon Aug 03 18:20:39 2015

Tools Copyright (c) 1996-2013 Texas Instruments Incorporated
C:\Users\a0220341\AppData\Local\Temp\2385210                         PAGE    5

     221                      .dwcfi  same_value, 6
     222                      .dwcfi  same_value, 8
     223                      .dwcfi  same_value, 10
     224                      .dwcfi  undefined, 12
     225                      .dwcfi  undefined, 14
     226                      .dwcfi  undefined, 16
     227                      .dwcfi  undefined, 17
     228                      .dwcfi  undefined, 18
     229                      .dwcfi  undefined, 19
     230                      .dwcfi  undefined, 5
     231                      .dwcfi  same_value, 7
     232                      .dwcfi  same_value, 9
     233                      .dwcfi  same_value, 11
     234                      .dwcfi  undefined, 13
     235                      .dwcfi  undefined, 15
     236                      .dwcfi  undefined, 78
     237                      .dwendentry
     238              
     239              ;***************************************************************
     240              ;* DWARF REGISTER MAP                                          *
     241              ;***************************************************************
     242              
     243              $C$DW$11        .dwtag  DW_TAG_TI_assign_register, DW_AT_name("AL")
     244                      .dwattr $C$DW$11, DW_AT_location[DW_OP_reg0]
     245              $C$DW$12        .dwtag  DW_TAG_TI_assign_register, DW_AT_name("AH")
     246                      .dwattr $C$DW$12, DW_AT_location[DW_OP_reg1]
     247              $C$DW$13        .dwtag  DW_TAG_TI_assign_register, DW_AT_name("PL")
     248                      .dwattr $C$DW$13, DW_AT_location[DW_OP_reg2]
     249              $C$DW$14        .dwtag  DW_TAG_TI_assign_register, DW_AT_name("PH")
     250                      .dwattr $C$DW$14, DW_AT_location[DW_OP_reg3]
     251              $C$DW$15        .dwtag  DW_TAG_TI_assign_register, DW_AT_name("SP")
     252                      .dwattr $C$DW$15, DW_AT_location[DW_OP_reg20]
     253              $C$DW$16        .dwtag  DW_TAG_TI_assign_register, DW_AT_name("XT")
     254                      .dwattr $C$DW$16, DW_AT_location[DW_OP_reg21]
     255              $C$DW$17        .dwtag  DW_TAG_TI_assign_register, DW_AT_name("T")
     256                      .dwattr $C$DW$17, DW_AT_location[DW_OP_reg22]
     257              $C$DW$18        .dwtag  DW_TAG_TI_assign_register, DW_AT_name("ST0")
     258                      .dwattr $C$DW$18, DW_AT_location[DW_OP_reg23]
     259              $C$DW$19        .dwtag  DW_TAG_TI_assign_register, DW_AT_name("ST1")
     260                      .dwattr $C$DW$19, DW_AT_location[DW_OP_reg24]
     261              $C$DW$20        .dwtag  DW_TAG_TI_assign_register, DW_AT_name("PC")
     262                      .dwattr $C$DW$20, DW_AT_location[DW_OP_reg25]
     263              $C$DW$21        .dwtag  DW_TAG_TI_assign_register, DW_AT_name("RPC")
     264                      .dwattr $C$DW$21, DW_AT_location[DW_OP_reg26]
     265              $C$DW$22        .dwtag  DW_TAG_TI_assign_register, DW_AT_name("FP")
     266                      .dwattr $C$DW$22, DW_AT_location[DW_OP_reg28]
     267              $C$DW$23        .dwtag  DW_TAG_TI_assign_register, DW_AT_name("DP")
     268                      .dwattr $C$DW$23, DW_AT_location[DW_OP_reg29]
     269              $C$DW$24        .dwtag  DW_TAG_TI_assign_register, DW_AT_name("SXM")
     270                      .dwattr $C$DW$24, DW_AT_location[DW_OP_reg30]
     271              $C$DW$25        .dwtag  DW_TAG_TI_assign_register, DW_AT_name("PM")
     272                      .dwattr $C$DW$25, DW_AT_location[DW_OP_reg31]
     273              $C$DW$26        .dwtag  DW_TAG_TI_assign_register, DW_AT_name("OVM")
     274                      .dwattr $C$DW$26, DW_AT_location[DW_OP_regx 0x20]
     275              $C$DW$27        .dwtag  DW_TAG_TI_assign_register, DW_AT_name("PAGE0")
TMS320C2000 Assembler PC v6.2.3 Mon Aug 03 18:20:39 2015

Tools Copyright (c) 1996-2013 Texas Instruments Incorporated
C:\Users\a0220341\AppData\Local\Temp\2385210                         PAGE    6

     276                      .dwattr $C$DW$27, DW_AT_location[DW_OP_regx 0x21]
     277              $C$DW$28        .dwtag  DW_TAG_TI_assign_register, DW_AT_name("AMODE")
     278                      .dwattr $C$DW$28, DW_AT_location[DW_OP_regx 0x22]
     279              $C$DW$29        .dwtag  DW_TAG_TI_assign_register, DW_AT_name("INTM")
     280                      .dwattr $C$DW$29, DW_AT_location[DW_OP_regx 0x23]
     281              $C$DW$30        .dwtag  DW_TAG_TI_assign_register, DW_AT_name("IFR")
     282                      .dwattr $C$DW$30, DW_AT_location[DW_OP_regx 0x24]
     283              $C$DW$31        .dwtag  DW_TAG_TI_assign_register, DW_AT_name("IER")
     284                      .dwattr $C$DW$31, DW_AT_location[DW_OP_regx 0x25]
     285              $C$DW$32        .dwtag  DW_TAG_TI_assign_register, DW_AT_name("V")
     286                      .dwattr $C$DW$32, DW_AT_location[DW_OP_regx 0x26]
     287              $C$DW$33        .dwtag  DW_TAG_TI_assign_register, DW_AT_name("PSEUDOH")
     288                      .dwattr $C$DW$33, DW_AT_location[DW_OP_regx 0x4c]
     289              $C$DW$34        .dwtag  DW_TAG_TI_assign_register, DW_AT_name("VOL")
     290                      .dwattr $C$DW$34, DW_AT_location[DW_OP_regx 0x4d]
     291              $C$DW$35        .dwtag  DW_TAG_TI_assign_register, DW_AT_name("AR0")
     292                      .dwattr $C$DW$35, DW_AT_location[DW_OP_reg4]
     293              $C$DW$36        .dwtag  DW_TAG_TI_assign_register, DW_AT_name("AR1")
     294                      .dwattr $C$DW$36, DW_AT_location[DW_OP_reg6]
     295              $C$DW$37        .dwtag  DW_TAG_TI_assign_register, DW_AT_name("AR2")
     296                      .dwattr $C$DW$37, DW_AT_location[DW_OP_reg8]
     297              $C$DW$38        .dwtag  DW_TAG_TI_assign_register, DW_AT_name("AR3")
     298                      .dwattr $C$DW$38, DW_AT_location[DW_OP_reg10]
     299              $C$DW$39        .dwtag  DW_TAG_TI_assign_register, DW_AT_name("AR4")
     300                      .dwattr $C$DW$39, DW_AT_location[DW_OP_reg12]
     301              $C$DW$40        .dwtag  DW_TAG_TI_assign_register, DW_AT_name("AR5")
     302                      .dwattr $C$DW$40, DW_AT_location[DW_OP_reg14]
     303              $C$DW$41        .dwtag  DW_TAG_TI_assign_register, DW_AT_name("AR6")
     304                      .dwattr $C$DW$41, DW_AT_location[DW_OP_reg16]
     305              $C$DW$42        .dwtag  DW_TAG_TI_assign_register, DW_AT_name("XAR6")
     306                      .dwattr $C$DW$42, DW_AT_location[DW_OP_reg17]
     307              $C$DW$43        .dwtag  DW_TAG_TI_assign_register, DW_AT_name("AR7")
     308                      .dwattr $C$DW$43, DW_AT_location[DW_OP_reg18]
     309              $C$DW$44        .dwtag  DW_TAG_TI_assign_register, DW_AT_name("XAR7")
     310                      .dwattr $C$DW$44, DW_AT_location[DW_OP_reg19]
     311              $C$DW$45        .dwtag  DW_TAG_TI_assign_register, DW_AT_name("XAR0")
     312                      .dwattr $C$DW$45, DW_AT_location[DW_OP_reg5]
     313              $C$DW$46        .dwtag  DW_TAG_TI_assign_register, DW_AT_name("XAR1")
     314                      .dwattr $C$DW$46, DW_AT_location[DW_OP_reg7]
     315              $C$DW$47        .dwtag  DW_TAG_TI_assign_register, DW_AT_name("XAR2")
     316                      .dwattr $C$DW$47, DW_AT_location[DW_OP_reg9]
     317              $C$DW$48        .dwtag  DW_TAG_TI_assign_register, DW_AT_name("XAR3")
     318                      .dwattr $C$DW$48, DW_AT_location[DW_OP_reg11]
     319              $C$DW$49        .dwtag  DW_TAG_TI_assign_register, DW_AT_name("XAR4")
     320                      .dwattr $C$DW$49, DW_AT_location[DW_OP_reg13]
     321              $C$DW$50        .dwtag  DW_TAG_TI_assign_register, DW_AT_name("XAR5")
     322                      .dwattr $C$DW$50, DW_AT_location[DW_OP_reg15]
     323              $C$DW$51        .dwtag  DW_TAG_TI_assign_register, DW_AT_name("CIE_RETA")
     324                      .dwattr $C$DW$51, DW_AT_location[DW_OP_regx 0x4e]
     325                      .dwendtag $C$DW$CU
     326              

No Assembly Errors, No Assembly Warnings
